I'm sorry, but errors were detected in your script. Please correct the
errors listed below, and try again.


File "game/labels/common1.rpy", line 716: reached end of line when expecting ':'.
    if taniaBio.love > 0
                        ^

Ren'Py Version: Ren'Py 7.3.5.606
Thu Aug 27 19:52:57 2020
